../Core/Src/lcd.c:119:20:LCD_Write	16	static
../Core/Src/lcd.c:136:20:LCD_WriteMultiple	24	static
../Core/Src/lcd.c:168:20:LCD_WriteCmd	16	static
../Core/Src/lcd.c:182:20:LCD_WriteData	16	static
../Core/Src/lcd.c:196:20:LCD_WriteRegister	24	static
../Core/Src/lcd.c:209:6:LCD_Init	24	static
../Core/Src/lcd.c:262:6:LCD_DrawPixel	16	static
../Core/Src/lcd.c:287:6:LCD_Flood	16	static
../Core/Src/lcd.c:307:6:LCD_FillScreen	16	static
../Core/Src/lcd.c:322:6:LCD_Reset	8	static
../Core/Src/lcd.c:345:6:LCD_SetAddrWindow	24	static
../Core/Src/lcd.c:368:6:LCD_SetRotation	24	static
../Core/Src/lcd.c:414:6:LCD_DrawBMP	64	static
../Core/Src/lcd.c:606:6:LCD_DrawLine	48	static
../Core/Src/lcd.c:658:6:LCD_DrawFastHLine	32	static
../Core/Src/lcd.c:692:6:LCD_DrawFastVLine	32	static
../Core/Src/lcd.c:724:6:LCD_DrawRect	24	static
../Core/Src/lcd.c:743:6:LCD_FillRect	32	static
../Core/Src/lcd.c:783:6:LCD_DrawCircle	40	static
../Core/Src/lcd.c:827:6:LCD_DrawCircleHelper	40	static
../Core/Src/lcd.c:873:6:LCD_FillCircle	32	static
../Core/Src/lcd.c:890:6:LCD_FillCircleHelper	40	static
../Core/Src/lcd.c:932:6:LCD_DrawTriangle	32	static
../Core/Src/lcd.c:952:6:LCD_FillTriangle	72	static
../Core/Src/lcd.c:1044:6:LCD_DrawRoundRect	32	static
../Core/Src/lcd.c:1070:6:LCD_FillRoundRect	32	static
../Core/Src/lcd.c:1092:6:LCD_DrawChar	56	static
../Core/Src/lcd.c:1153:6:LCD_Printf	40	static
../Core/Src/lcd.c:1206:6:LCD_SetCursor	16	static
../Core/Src/lcd.c:1218:6:LCD_SetTextSize	16	static
../Core/Src/lcd.c:1236:6:LCD_SetTextColor	16	static
../Core/Src/lcd.c:1248:6:LCD_SetTextWrap	16	static
../Core/Src/lcd.c:1259:9:LCD_GetRotation	4	static
../Core/Src/lcd.c:1270:9:LCD_GetCursorX	4	static
../Core/Src/lcd.c:1281:9:LCD_GetCursorY	4	static
../Core/Src/lcd.c:1294:17:LCD_Color565	16	static
